zero-initialized segments 0 .. 15
zero-initialized SDWAM
segment created for 'main'
segdef created for segment main, symbol 'main', addr:000000
segref created for segment 'UtilsA' symbol:ioa, addr:000150
segref created for segment 'UtilsA' symbol:rd_clockA, addr:000152
segref created for segment 'lot_' symbol:lot_, addr:000154
segref created for segment 'stack_0' symbol:stack_0, addr:000156
segref created for segment 'Bug_B_Gone_1' symbol:_main_BBG_1, addr:000160
segref created for segment 'Bug_B_Gone_2' symbol:_main_BBG_2, addr:000162
segref created for segment 'simh_operators_' symbol:operator_table, addr:000164
segref created for segment 'simh_operators_' symbol:operator_table+632, addr:000166
segref created for segment 'simh_operators_' symbol:operator_table+633, addr:000170
segref created for segment 'simh_operators_' symbol:operator_table+634, addr:000172
segref created for segment 'simh_operators_' symbol:operator_table+635, addr:000174
segref created for segment 'simh_operators_' symbol:operator_table+636, addr:000176
Writing SDW to address 00001000 (DSBR.ADDR+2*0 offset) 
127 (000177) words loaded into segment 0(0) at address 000000
segment created for 'Bug_B_Gone_1'
segdef created for segment Bug_B_Gone_1, symbol 'TRA1', addr:000233
entrypoint created for segment main, symbol '_main_BBG_1', addr:000270
segref created for segment 'UtilsA' symbol:ioa, addr:000302
194 (000302) words loaded into segment Bug_B_Gone_1
segment created for 'Bug_B_Gone_2'
entrypoint created for segment main, symbol '_main_BBG_2', addr:000052
segref created for segment 'UtilsA' symbol:ioa, addr:000056
48 (000060) words loaded into segment Bug_B_Gone_2
segment created for 'Bug_B_Gone_seg15'
2 (000002) words loaded into segment Bug_B_Gone_seg15 as segment 13
segment created for 'UtilsA'
segdef created for segment UtilsA, symbol 'A0', addr:000005
segdef created for segment UtilsA, symbol 'A1', addr:000050
segdef created for segment UtilsA, symbol 'rd_clockA', addr:000207
segdef created for segment UtilsA, symbol 'ioa', addr:000271
857 (001531) words loaded into segment UtilsA
segment created for 'simh_operators_'
segdef created for segment simh_operators_, symbol 'alm_call', addr:001175
segdef created for segment simh_operators_, symbol 'alm_entry', addr:001215
segdef created for segment simh_operators_, symbol 'alm_operators_begin', addr:001175
segdef created for segment simh_operators_, symbol 'alm_operators_end', addr:001237
segdef created for segment simh_operators_, symbol 'alm_push', addr:001201
segdef created for segment simh_operators_, symbol 'alm_return', addr:001225
segdef created for segment simh_operators_, symbol 'alm_return_no_pop', addr:001233
segdef created for segment simh_operators_, symbol 'transfer_vector', addr:000551
segdef created for segment simh_operators_, symbol 'operator_table', addr:000000
40 (000050) words loaded into segment simh_operators_
lot_ segment created with 6 sparse entries.
stack_0 segment created as segment# 16 (20) [DSBR.STACK=0002]
Examining segments ... segment numbering begins at: 17
    Processing segment main...
        Resolving segref UtilsA$ioa...found ioa (000150)
            ITS Pair: [even:000021000043, odd:000271000000]
        Resolving segref UtilsA$rd_clockA...found rd_clockA (000152)
            ITS Pair: [even:000021000043, odd:000207000000]
        Resolving segref lot_$lot_...found lot_ (000154)
            ITS Pair: [even:000022000043, odd:000000000000]
        Resolving segref stack_0$stack_0...found stack_0 (000156)
            ITS Pair: [even:000020000043, odd:000000000000]
        Resolving segref Bug_B_Gone_1$_main_BBG_1...found _main_BBG_1 (000160)
            ITS Pair: [even:000023000043, odd:000270000000]
        Resolving segref Bug_B_Gone_2$_main_BBG_2...found _main_BBG_2 (000162)
            ITS Pair: [even:000024000043, odd:000052000000]
        Resolving segref simh_operators_$operator_table...found operator_table (000164)
            ITS Pair: [even:000025000043, odd:000000000000]
        Resolving segref simh_operators_$operator_table...found operator_table+632 (000166)
            ITS Pair: [even:000025000043, odd:001170000000]
        Resolving segref simh_operators_$operator_table...found operator_table+633 (000170)
            ITS Pair: [even:000025000043, odd:001171000000]
        Resolving segref simh_operators_$operator_table...found operator_table+634 (000172)
            ITS Pair: [even:000025000043, odd:001172000000]
        Resolving segref simh_operators_$operator_table...found operator_table+635 (000174)
            ITS Pair: [even:000025000043, odd:001173000000]
        Resolving segref simh_operators_$operator_table...found operator_table+636 (000176)
            ITS Pair: [even:000025000043, odd:001174000000]
    Processing segment Bug_B_Gone_1...
        Resolving segref UtilsA$ioa...found ioa (000302)
            ITS Pair: [even:000021000043, odd:000271000000]
    Processing segment Bug_B_Gone_2...
        Resolving segref UtilsA$ioa...found ioa (000056)
            ITS Pair: [even:000021000043, odd:000271000000]
    Processing segment Bug_B_Gone_seg15...
    Processing segment UtilsA...
    Processing segment simh_operators_...
    Processing segment lot_...
    Processing segment stack_0...
Loading deferred segments ...
    loading Bug_B_Gone_1 as segment# 023
Writing SDW to address 00001046 (DSBR.ADDR+2*19 offset) 
      196 (000304) words loaded into segment 19 (23) at address 201000
    loading Bug_B_Gone_2 as segment# 024
Writing SDW to address 00001050 (DSBR.ADDR+2*20 offset) 
      48 (000060) words loaded into segment 20 (24) at address 201320
    loading Bug_B_Gone_seg15 as segment# 015
Writing SDW to address 00001032 (DSBR.ADDR+2*13 offset) 
      258 (000402) words loaded into segment 13 (15) at address 201400
    loading UtilsA as segment# 021
Writing SDW to address 00001042 (DSBR.ADDR+2*17 offset) 
      1064 (002050) words loaded into segment 17 (21) at address 202020
    loading simh_operators_ as segment# 025
Writing SDW to address 00001052 (DSBR.ADDR+2*21 offset) 
      671 (001237) words loaded into segment 21 (25) at address 204100
    loading lot_ as segment# 022
Writing SDW to address 00001044 (DSBR.ADDR+2*18 offset) 
      4095 (007777) words loaded into segment 18 (22) at address 205340
LOT => PR[4]: SNR=00022 RNR=0 WORDNO=000000 BITNO:00
LOT => PR[5]: SNR=00022 RNR=0 WORDNO=000000 BITNO:00
    loading stack_0 as segment# 020
Writing SDW to address 00001040 (DSBR.ADDR+2*16 offset) 
      49152 (140000) words loaded into segment 16 (20) at address 215340
snapping lot_ links...

dps-8/m simulator V4.0-0 Beta        git commit id: c8ae76cb
	205340 + 0 => 000000000150
	205340 + 23 => 000023000302
	205340 + 24 => 000024000056
This is "Bug-B-Gone" (die bugs, die, die) - a.k.a 'TestBugs'! - It's ' 6/19 10:06 '
BBG-1 ...
ORSQ test 0 ... 0 (Should be 0)
ORSQ test 1 ... 1234567 (Should be 1234567)
ORSQ test 2 ... 1234567 (Should be 1234567)
ORSQ test 3 ... 1237567 (Should be 1237567)
ORSQ test 4 ... 7777777 (Should be 7777777)
ORSQ bug >squished<
TRA test ... trying 'tra seg|0,x0'...
    TRA test 0 ... Q=1726354... (pass)
    TRA test 1 ... back frpm TestBugsB...
EPP test 1 ...
BBG-2 ...
ITS test 1 ...
    Result is: 500000 764101 (Should be  5 00000 7641 01)
T-H-A-T-S all folks (from 0|main) !!! 
cpuCycles = 12739
TestBugs-31> g

DIS instruction, IC: main|66 (00000066) (000000616000)
Goodbye
