1030 (002006) words loaded

dps-8/m simulator V4.0-0 Beta        git commit id: c8ae76cb
This is TestAddrMods ... 2/08 12:14 
R mods ...
Result: 006000010003
Result: 000077710000
Result: 400000000003
Result: 000000000012
Result: 000005000004
Result: 000000000005
Result: 000000000017
Result: 000006777776
Result: 000000000003
Result: 000000000700
Result: 000000235004
Result: 123456000000
Result: 000000543210
RI mods ...
Result: 000000000042
Result: 400000000002
Result: 000000000616
Result: 000000000077
Result: 000000002012
Result: 001202000000
Result: 400000000003
Result: 000000000003
Result: 000000000042
IR_mods
Result: 400000000001
Result: 000000001226
Result: 377777777523
Result: 000000000222
Result: 000000000333
Result: 000000000042
Result: 000000001222
Result: 000000000616
Result: 000000000013
Result: 000000002012
Result: 377777777523
Result: 000007777777
IT mods ...
Result: 000000000046
Result: 000000000044
Result: 000000000042
Result: 000000000040
Result: 000000000036
Result: 000000000034
Result: 000000000013
Result: 000000000015
Result: 000000000017
Result: 000000000021
Result: 000000000023
Result: 000000000025
Result: 'T'
Result: 'h'
Result: 'i'
Result: 's'
Result: ' '
Result: 'g'
Result: 'f'
Result: 'e'
Result: 'd'
Result: 'c'
Result: 's'
Result: '00000I'
Result: '00000B'
Result: '00000M'
Result: 000000000042
Result: 000000000616
Result: 000000000042
Result: 000000000005
Result: 000000000004
Result: 000000000003
Result: 000000000002
Result: 000000000001
Result: 000000000100
Result: 000000000200
Result: 000000000300
Result: 000000000400
Result: 000000000500
Result: 000000000600
Result: 000000000700
Result: 000000007777
Result: 400000000001
Result: 400000000002
Result: 400000000003
Result: 000000000000
Result: 000000000001
Result: 000000000002
Result: 000000000003
Result: 000000000100
Result: 000000000200
Result: 000000000300
Result: 000000000400
Result: 000000000500
Result: 000000000600
Result: 000000000700
Result: 400000000001
Result: 000000000000
Result: 000000000013
Result: 000000000012
Result: 000000000345
Result: 400000000255
Result: 000000000670

cpuCycles = 20479
TestAddrMods-11> g 0

DIS instruction, IC: 001115 (000000616000)
Goodbye
