57 (000071) words loaded

dps-8/m simulator V4.0-0 Beta        git commit id: c8ae76cb
Debug output to "STDOUT"
Debug output to "STDOUT" at Wed Feb 19 15:37:55 2014

Console test
Expect ALERT
CONSOLE: ALERT

leaving DIS_cycle

Expect "Hello, world"
CONSOLE: Hello, world

cpuCycles = 21
TestConsole-8> g 0

Halt, IC: 010020 (000022420400)
Goodbye
Debug output disabled
