
dps-8/m simulator V4.0-0 Beta        git commit id: c8ae76cb
122 (000172) words loaded
0 (0)
01180591620717411303424 (1180591620717411303424)
10 (10)
100 (100) 
1000 (1000)
10000 (10000)
100000 (100000)
1000000 (1000000) 
10000000 (10000000)
100000000 (100000000)
1000000000 (1000000000)
10000000000 (10000000000) 
100000000000 (100000000000)

simCycles = 112

cpuCycles = 56
TestMpy-4> g 0

Halt, IC: 000067 (000022420400)
Goodbye
